Job started at Wed Apr  9 16:50:03 CEST 2025
Running on node: maestro-1009
Allocated CPUs: 32
Starting OT analysis...
Found existing merged data at /pasteur/helix/scratch/mcampi/OT/results/ANSD_OT_Results/merged_data.pkl
Loading merged data to skip preprocessing steps...
Identifying TEST speakers...
Found 28 TEST speakers: FADG0, FAKS0, FASW0, FAWF0, FCAU0, FCFT0, FCMH0, FCMR0, FDAC1, FDHC0, FDRD1, FDRW0, FKMS0, FLNH0, MABW0, MAHH0, MBDG0, MBJK0, MBNS0, MBPM0, MBWM0, MCHH0, MCMJ0, MDAB0, MDLF0, MDLS0, MDSC0, MJSW0
Loading perturbation types for TEST files...
Loaded 10716 perturbation type entries for TEST files

Perturbation type distribution for TEST files:
  loss: 2642 entries (24.65%)
  jitter: 2675 entries (24.96%)
  truncation: 2675 entries (24.96%)
  scattered_jitter: 2724 entries (25.42%)

Loading neurogram data with perturbation info...
Loaded 10731 neurograms

Perturbation type distribution in loaded neurograms:
  scattered_jitter: 2725 neurograms
  jitter: 2681 neurograms
  truncation: 2677 neurograms
  loss: 2648 neurograms

Loading formant data...
Loaded 10471 formant measurements

Merging neurogram and formant data...
Merged dataframe has 114446 rows

Perturbation type distribution after merge:
  truncation: 28717 entries
  jitter: 28713 entries
  loss: 28558 entries
  scattered_jitter: 28458 entries

Saving merged data to /pasteur/helix/scratch/mcampi/OT/results/ANSD_OT_Results/merged_data.pkl

Computing mean formant values...
Extracting neurogram CF values...

Data distribution by category and perturbation type:
PerturbationType    jitter  loss  scattered_jitter  truncation
Category_x                                                    
Affricate               80    95                90          73
Epenthetic              87   119               117          71
Flap                   260   206               276         176
Fricative             3258  3297              3406        3550
Glide                  485   545               562         518
Glottal Stop           506   352               409         512
Liquid                2757  2695              2638        3141
Nasal                 2441  2653              2410        2598
Silence               2760  2980              2740        2720
Stop                  6111  5720              5776        5869
Syllabic Consonant      38    31                31          17
Vowel                 9830  9757              9902        9396

Computing distances between formants and center frequencies by perturbation type...
Using 48 CPU cores for parallel processing
Loaded 140 existing results from checkpoint
Found 13 categories and 4 perturbation types
Perturbation types: loss, truncation, jitter, scattered_jitter
Total combinations to process: 936
Already processed: 140
Processing in 47 batches of size 20

Processing batch 1/47
Checkpoint saved: Total results = 160

Processing batch 2/47
Checkpoint saved: Total results = 180

Processing batch 3/47
Checkpoint saved: Total results = 200

Processing batch 4/47
Checkpoint saved: Total results = 219

Processing batch 5/47
Checkpoint saved: Total results = 238

Processing batch 6/47
Checkpoint saved: Total results = 258

Processing batch 7/47
Checkpoint saved: Total results = 278

Processing batch 8/47
Checkpoint saved: Total results = 282

Processing batch 9/47
Checkpoint saved: Total results = 282

Processing batch 10/47
Checkpoint saved: Total results = 282

Processing batch 11/47
Checkpoint saved: Total results = 282

Processing batch 12/47
Checkpoint saved: Total results = 282

Processing batch 13/47
Checkpoint saved: Total results = 282

Processing batch 14/47
Checkpoint saved: Total results = 282

Processing batch 15/47
Checkpoint saved: Total results = 300

Processing batch 16/47
Checkpoint saved: Total results = 320

Processing batch 17/47
Checkpoint saved: Total results = 340
Saved intermediate CSV results: 340 entries

Processing batch 18/47
Checkpoint saved: Total results = 360

Processing batch 19/47
Checkpoint saved: Total results = 380

Processing batch 20/47
Checkpoint saved: Total results = 400

Processing batch 21/47
Checkpoint saved: Total results = 420

Processing batch 22/47
Checkpoint saved: Total results = 440
Saved intermediate CSV results: 440 entries

Processing batch 23/47
Checkpoint saved: Total results = 460

Processing batch 24/47
Checkpoint saved: Total results = 480

Processing batch 25/47
Checkpoint saved: Total results = 500

Processing batch 26/47
Checkpoint saved: Total results = 520

Processing batch 27/47
Checkpoint saved: Total results = 540
Saved intermediate CSV results: 540 entries

Processing batch 28/47
Checkpoint saved: Total results = 560

Processing batch 29/47
Checkpoint saved: Total results = 580

Processing batch 30/47
Checkpoint saved: Total results = 600

Processing batch 31/47
Checkpoint saved: Total results = 620

Processing batch 32/47
Checkpoint saved: Total results = 640
Saved intermediate CSV results: 640 entries

Processing batch 33/47
Checkpoint saved: Total results = 660

Processing batch 34/47
Checkpoint saved: Total results = 680

Processing batch 35/47
Checkpoint saved: Total results = 700

Processing batch 36/47
Checkpoint saved: Total results = 720

Processing batch 37/47
Checkpoint saved: Total results = 740
Saved intermediate CSV results: 740 entries

Processing batch 38/47
Checkpoint saved: Total results = 760

Processing batch 39/47
Checkpoint saved: Total results = 780

Processing batch 40/47
Checkpoint saved: Total results = 800

Processing batch 41/47
Checkpoint saved: Total results = 820

Processing batch 42/47
Checkpoint saved: Total results = 840
Saved intermediate CSV results: 840 entries

Processing batch 43/47
Checkpoint saved: Total results = 860

Processing batch 44/47
Checkpoint saved: Total results = 864

Processing batch 45/47
Checkpoint saved: Total results = 864

Processing batch 46/47
Checkpoint saved: Total results = 864

Processing batch 47/47
Checkpoint saved: Total results = 864
Saved intermediate CSV results: 864 entries
Final results saved: 864 total combinations

Perturbation type distribution in results:
  loss: 216 results
  truncation: 216 results
  jitter: 216 results
  scattered_jitter: 216 results

Saving results...

Analysis complete! Total runtime: 1h 20m 41s
Analysis complete. Results are in /pasteur/helix/scratch/mcampi/OT/results/ANSD_OT_Results/
Job finished at Wed Apr  9 18:10:48 CEST 2025
